Environment variable 'R_READABS_PATH' is unset. Downloaded files will be saved in a temporary directory.
You can set 'R_READABS_PATH' at any time. To set it for the rest of this session, use
	Sys.setenv(R_READABS_PATH = <path>)
── Attaching core tidyverse packages ──────────────────────── tidyverse 2.0.0 ──
✔ dplyr     1.2.1     ✔ readr     2.2.0
✔ forcats   1.0.1     ✔ stringr   1.6.0
✔ ggplot2   4.0.3     ✔ tibble    3.3.1
✔ lubridate 1.9.5     ✔ tidyr     1.3.2
✔ purrr     1.2.2     
── Conflicts ────────────────────────────────────────── tidyverse_conflicts() ──
✖ dplyr::filter() masks stats::filter()
✖ dplyr::lag()    masks stats::lag()
ℹ Use the conflicted package (<http://conflicted.r-lib.org/>) to force all conflicts to become errors

Attaching package: ‘scales’

The following object is masked from ‘package:purrr’:

    discard

The following object is masked from ‘package:readr’:

    col_factor

Using existing output directory at './output'
Checking latest CPI release date...
Finding URLs for tables corresponding to ABS catalogue 6484.0
Error in value[[3L]](cond) : Failed to check CPI date: In index: 1.
Calls: tryCatch -> tryCatchList -> tryCatchOne -> <Anonymous>
Execution halted
Environment variable 'R_READABS_PATH' is unset. Downloaded files will be saved in a temporary directory.
You can set 'R_READABS_PATH' at any time. To set it for the rest of this session, use
	Sys.setenv(R_READABS_PATH = <path>)
── Attaching core tidyverse packages ──────────────────────── tidyverse 2.0.0 ──
✔ dplyr     1.2.1     ✔ readr     2.2.0
✔ forcats   1.0.1     ✔ stringr   1.6.0
✔ ggplot2   4.0.3     ✔ tibble    3.3.1
✔ lubridate 1.9.5     ✔ tidyr     1.3.2
✔ purrr     1.2.2     
── Conflicts ────────────────────────────────────────── tidyverse_conflicts() ──
✖ dplyr::filter() masks stats::filter()
✖ dplyr::lag()    masks stats::lag()
ℹ Use the conflicted package (<http://conflicted.r-lib.org/>) to force all conflicts to become errors

Attaching package: ‘scales’

The following object is masked from ‘package:purrr’:

    discard

The following object is masked from ‘package:readr’:

    col_factor

Starting CPI Components processing...
Downloading CPI Components (Table 7)...
Finding URLs for tables corresponding to ABS catalogue 6401.0
Attempting to download files from catalogue 6401.0, Consumer Price Index, Australia
Extracting data from downloaded spreadsheets
Tidying data from imported ABS spreadsheets
Loading CPI Weights from local workbook (Table 1)...
New names:
• `` -> `...1`
• `` -> `...2`
• `` -> `...3`
• `` -> `...4`
• `` -> `...5`
• `` -> `...6`
Matched 0 components.
Saved cpi_data.rds to output/
Done.
